// Jest Snapshot v1, https://goo.gl/fbAQLP

exports[`Menu.vue renders SubMenu passed 1`] = `
<amenu-stub>
  <submenu-stub item="[object Object]"></submenu-stub>
  <amenuitem-stub>
    <aicon-stub type="setting"></aicon-stub> <span>测试2</span>
  </amenuitem-stub>
  <submenu-stub item="[object Object]"></submenu-stub>
</amenu-stub>
`;
